#-----------------------------------------------------------
# Vivado v2018.2 (64-bit)
# SW Build 2258646 on Thu Jun 14 20:03:12 MDT 2018
# IP Build 2256618 on Thu Jun 14 22:10:49 MDT 2018
# Start of session at: Mon May 26 11:35:38 2025
# Process ID: 17416
# Current directory: C:/Users/dinur/Desktop/Chanupa_Project/Nano_processor_improved/Nano_processor_improved
# Command line: vivado.exe -gui_launcher_event rodinguilauncherevent17940 C:\Users\dinur\Desktop\Chanupa_Project\Nano_processor_improved\Nano_processor_improved\Nano_processor_improved.xpr
# Log file: C:/Users/dinur/Desktop/Chanupa_Project/Nano_processor_improved/Nano_processor_improved/vivado.log
# Journal file: C:/Users/dinur/Desktop/Chanupa_Project/Nano_processor_improved/Nano_processor_improved\vivado.jou
#-----------------------------------------------------------
start_gui
open_project C:/Users/dinur/Desktop/Chanupa_Project/Nano_processor_improved/Nano_processor_improved/Nano_processor_improved.xpr
update_compile_order -fileset sources_1
launch_simulation
source Nano_Processor_tb.tcl
close_sim
