#-----------------------------------------------------------
# Vivado v2018.2 (64-bit)
# SW Build 2258646 on Thu Jun 14 20:03:12 MDT 2018
# IP Build 2256618 on Thu Jun 14 22:10:49 MDT 2018
# Start of session at: Sun May 18 21:06:01 2025
# Process ID: 16668
# Current directory: E:/sem 2/Computer organization/Nano_processor_improved/Nano_processor_improved
# Command line: vivado.exe -gui_launcher_event rodinguilauncherevent1036 E:\sem 2\Computer organization\Nano_processor_improved\Nano_processor_improved\Nano_processor_improved.xpr
# Log file: E:/sem 2/Computer organization/Nano_processor_improved/Nano_processor_improved/vivado.log
# Journal file: E:/sem 2/Computer organization/Nano_processor_improved/Nano_processor_improved\vivado.jou
#-----------------------------------------------------------
start_gui
open_project {E:/sem 2/Computer organization/Nano_processor_improved/Nano_processor_improved/Nano_processor_improved.xpr}
update_compile_order -fileset sources_1
launch_simulation
source Nano_Processor_tb.tcl
# Disabling source management mode.  This is to allow the top design properties to be set without GUI intervention.
set_property source_mgmt_mode None [current_project]
set_property top TB_Multiplier_4 [get_filesets sim_1]
set_property top_lib xil_defaultlib [get_filesets sim_1]
# Re-enabling previously disabled source management mode.
set_property source_mgmt_mode All [current_project]
update_compile_order -fileset sim_1
launch_simulation
source TB_Multiplier_4.tcl
close_sim
close_sim
